Traceback (most recent call last):
  File "/Applications/miniconda3/envs/ml_venve/lib/python3.10/site-packages/jupyter_cache/executors/utils.py", line 58, in single_nb_execution
    executenb(
  File "/Applications/miniconda3/envs/ml_venve/lib/python3.10/site-packages/nbclient/client.py", line 1305, in execute
    return NotebookClient(nb=nb, resources=resources, km=km, **kwargs).execute()
  File "/Applications/miniconda3/envs/ml_venve/lib/python3.10/site-packages/jupyter_core/utils/__init__.py", line 166, in wrapped
    return loop.run_until_complete(inner)
  File "/Applications/miniconda3/envs/ml_venve/lib/python3.10/asyncio/base_events.py", line 649, in run_until_complete
    return future.result()
  File "/Applications/miniconda3/envs/ml_venve/lib/python3.10/site-packages/nbclient/client.py", line 705, in async_execute
    await self.async_execute_cell(
  File "/Applications/miniconda3/envs/ml_venve/lib/python3.10/site-packages/nbclient/client.py", line 1058, in async_execute_cell
    await self._check_raise_for_error(cell, cell_index, exec_reply)
  File "/Applications/miniconda3/envs/ml_venve/lib/python3.10/site-packages/nbclient/client.py", line 914, in _check_raise_for_error
    raise CellExecutionError.from_cell_and_msg(cell, exec_reply_content)
nbclient.exceptions.CellExecutionError: An error occurred while executing the following cell:
------------------
# Filtrar el DataFrame
df_modelo = datos[variables + ['formalidad']].copy()

# Eliminar filas con valores faltantes
df_modelo = df_modelo.dropna()

# Separar variable objetivo y predictoras
y = df_modelo['formalidad'].astype(int)
X = df_modelo.drop(columns='formalidad')

# Convertir variables categóricas a variables dummy
X_dummies = pd.get_dummies(X, drop_first=True)


X_dummies = X_dummies.astype({col: int for col in X_dummies.select_dtypes(bool).columns})
X_dummies = sm.add_constant(X_dummies, has_constant='add')
y = y.iloc[:, 0]   



modelo_logit = sm.Logit(y, X_dummies).fit()
print(modelo_logit.summary())

------------------


[0;31m---------------------------------------------------------------------------[0m
[0;31mNameError[0m                                 Traceback (most recent call last)
Cell [0;32mIn[2], line 2[0m
[1;32m      1[0m [38;5;66;03m# Filtrar el DataFrame[39;00m
[0;32m----> 2[0m df_modelo [38;5;241m=[39m [43mdatos[49m[variables [38;5;241m+[39m [[38;5;124m'[39m[38;5;124mformalidad[39m[38;5;124m'[39m]][38;5;241m.[39mcopy()
[1;32m      4[0m [38;5;66;03m# Eliminar filas con valores faltantes[39;00m
[1;32m      5[0m df_modelo [38;5;241m=[39m df_modelo[38;5;241m.[39mdropna()

[0;31mNameError[0m: name 'datos' is not defined

